../Core/Src/main.c:115:6:USB_SendString	16	static
../Core/Src/main.c:126:6:MPU6050_Init	96	static
../Core/Src/main.c:157:6:Read_Sensor	48	static
../Core/Src/main.c:174:6:HAL_TIM_PeriodElapsedCallback	48	static
../Core/Src/main.c:238:6:Control_Motor	32	static
../Core/Src/main.c:304:5:main	112	static
../Core/Src/main.c:419:6:SystemClock_Config	88	static
../Core/Src/main.c:465:13:MX_I2C1_Init	8	static
../Core/Src/main.c:499:13:MX_TIM2_Init	48	static
../Core/Src/main.c:552:13:MX_TIM3_Init	56	static
../Core/Src/main.c:601:13:MX_TIM4_Init	56	static
../Core/Src/main.c:650:13:MX_TIM5_Init	32	static
../Core/Src/main.c:695:13:MX_GPIO_Init	48	static
../Core/Src/main.c:732:6:Error_Handler	4	static,ignoring_inline_asm
