../Core/Src/main.c:119:6:USB_SendString	16	static
../Core/Src/main.c:130:6:MPU6050_Init	96	static
../Core/Src/main.c:161:6:Read_Sensor	48	static
../Core/Src/main.c:178:6:HAL_TIM_PeriodElapsedCallback	16	static
../Core/Src/main.c:184:6:Control_Motor	32	static
../Core/Src/main.c:250:5:main	128	static
../Core/Src/main.c:431:6:SystemClock_Config	88	static
../Core/Src/main.c:477:13:MX_I2C1_Init	8	static
../Core/Src/main.c:511:13:MX_TIM2_Init	48	static
../Core/Src/main.c:564:13:MX_TIM3_Init	56	static
../Core/Src/main.c:613:13:MX_TIM4_Init	56	static
../Core/Src/main.c:662:13:MX_TIM5_Init	32	static
../Core/Src/main.c:707:13:MX_GPIO_Init	48	static
../Core/Src/main.c:744:6:Error_Handler	4	static,ignoring_inline_asm
